<form action="" method="post" enctype="application/x-www-form-urlencoded"><div class="field-row"><label for="textarea-comment">Comment</label><textarea name="comment" id="textarea-comment" required class="is-invalid"></textarea><div class="field-errors">This field is required.</div><div class="field-help">Write a comment about this article.</div></div><div class="field-row"><input type="submit" value="Publish"></div></form>